// Jest Snapshot v1, https://goo.gl/fbAQLP

exports[`<AddNewBtn tests /> match snapshot 1`] = `
<Link
  className="btn btn-primary rounded-pill mb-2"
  to="/new/article"
>
  + Add New Article
</Link>
`;
