// Jest Snapshot v1, https://goo.gl/fbAQLP

exports[`<Loader tests /> match snapshot 1`] = `
<div
  className="d-flex justify-content-center"
>
  <div
    className="spinner-border"
    role="status"
  >
    <span
      className="sr-only"
    >
      Loading...
    </span>
  </div>
</div>
`;
